// Jest Snapshot v1, https://goo.gl/fbAQLP

exports[`Hello Superman 1`] = `"Hello Superman"`;
